// Jest Snapshot v1, https://goo.gl/fbAQLP

exports[`Searchbook page snapshot 1`] = `
<DocumentFragment>
  <div
    class="searchbook"
  >
    <div
      class="search-bar"
    >
      <input
        value=""
      />
      <button>
        search
      </button>
    </div>
    <div
      class="book-list-container"
    >
      no result
    </div>
  </div>
</DocumentFragment>
`;
